// Jest Snapshot v1, https://goo.gl/fbAQLP

exports[`RForm.vue render form 1`] = `
<div class="r-form">
  <form class="el-form" children="[object Object],[object Object],[object Object],[object Object]" defaultmodel="function () {
                                return Promise.resolve({ pass: '123',
                                    checkPass: '1234',
                                    age: '12',
                                    sex: '1' });
                            }">
    <div class="el-form-item"><label for="pass" class="el-form-item__label">密码</label>
      <div class="el-form-item__content">
        <div class="r-input" label="密码" widget="password">
          <div class="el-input">
            <!----><input type="password" autocomplete="off" class="el-input__inner">
            <!---->
            <!---->
            <!---->
            <!---->
          </div>
          <div class="r-toolbar"></div>
        </div>
        <!---->
      </div>
    </div>
    <div class="el-form-item"><label for="checkPass" class="el-form-item__label">确认密码</label>
      <div class="el-form-item__content">
        <div class="r-input" label="确认密码" widget="password">
          <div class="el-input">
            <!----><input type="password" autocomplete="off" class="el-input__inner">
            <!---->
            <!---->
            <!---->
            <!---->
          </div>
          <div class="r-toolbar"></div>
        </div>
        <!---->
      </div>
    </div>
    <div class="el-form-item"><label for="age" class="el-form-item__label">年龄</label>
      <div class="el-form-item__content">
        <div class="r-input" label="年龄" widget="number">
          <div class="el-input">
            <!----><input type="password" autocomplete="off" class="el-input__inner">
            <!---->
            <!---->
            <!---->
            <!---->
          </div>
          <div class="r-toolbar"></div>
        </div>
        <!---->
      </div>
    </div>
    <div class="el-form-item"><label for="sex" class="el-form-item__label">性别</label>
      <div class="el-form-item__content">
        <div role="radiogroup" class="el-radio-group" label="性别" widget="radio"></div>
        <!---->
      </div>
    </div>
    <div class="el-form-item">
      <!---->
      <div class="el-form-item__content">
        <div class="r-toolbar"></div>
        <!---->
      </div>
    </div>
  </form>
</div>
`;
