// Jest Snapshot v1, https://goo.gl/fbAQLP

exports[`RInput.vue render form 1`] = `
<div class="r-input">
  <div class="el-input">
    <!----><input type="string" autocomplete="off" class="el-input__inner">
    <!---->
    <!---->
    <!---->
    <!---->
  </div>
  <div class="r-toolbar"></div>
</div>
`;
